[INFO] Scanning for projects...
[INFO] 
[INFO] -----------------< com.swp:central-kitchen-management >-----------------
[INFO] Building Central Kitchen Management System 0.0.1-SNAPSHOT
[INFO]   from pom.xml
[INFO] --------------------------------[ jar ]---------------------------------
[INFO] 
[INFO] --- clean:3.4.1:clean (default-clean) @ central-kitchen-management ---
[INFO] Deleting D:\ky7\SWP\BE\target
[INFO] 
[INFO] --- resources:3.3.1:resources (default-resources) @ central-kitchen-management ---
[INFO] Copying 1 resource from src\main\resources to target\classes
[INFO] Copying 0 resource from src\main\resources to target\classes
[INFO] 
[INFO] --- compiler:3.14.0:compile (default-compile) @ central-kitchen-management ---
[INFO] Recompiling the module because of changed source code.
[INFO] Compiling 116 source files with javac [debug parameters release 25] to target\classes
[INFO] -------------------------------------------------------------
[ERROR] COMPILATION ERROR : 
[INFO] -------------------------------------------------------------
[ERROR] /D:/ky7/SWP/BE/src/main/java/com/swp/ckms/service/impl/KitchenInventoryServiceImpl.java:[15,31] cannot find symbol
  symbol:   class ProductionPlanRepository
  location: package com.swp.ckms.repository
[ERROR] /D:/ky7/SWP/BE/src/main/java/com/swp/ckms/service/impl/KitchenInventoryServiceImpl.java:[35,19] cannot find symbol
  symbol:   class ProductionPlanRepository
  location: class com.swp.ckms.service.impl.KitchenInventoryServiceImpl
[ERROR] /D:/ky7/SWP/BE/src/main/java/com/swp/ckms/service/impl/KitchenInventoryServiceImpl.java:[28,1] cannot find symbol
  symbol:   class ProductionPlanRepository
  location: class com.swp.ckms.service.impl.KitchenInventoryServiceImpl
[INFO] 3 errors 
[INFO] -------------------------------------------------------------
[INFO] ------------------------------------------------------------------------
[INFO] BUILD FAILURE
[INFO] ------------------------------------------------------------------------
[INFO] Total time:  5.591 s
[INFO] Finished at: 2026-02-22T22:42:01+07:00
[INFO] ------------------------------------------------------------------------
[ERROR] Failed to execute goal org.apache.maven.plugins:maven-compiler-plugin:3.14.0:compile (default-compile) on project central-kitchen-management: Compilation failure: Compilation failure: 
[ERROR] /D:/ky7/SWP/BE/src/main/java/com/swp/ckms/service/impl/KitchenInventoryServiceImpl.java:[15,31] cannot find symbol
[ERROR]   symbol:   class ProductionPlanRepository
[ERROR]   location: package com.swp.ckms.repository
[ERROR] /D:/ky7/SWP/BE/src/main/java/com/swp/ckms/service/impl/KitchenInventoryServiceImpl.java:[35,19] cannot find symbol
[ERROR]   symbol:   class ProductionPlanRepository
[ERROR]   location: class com.swp.ckms.service.impl.KitchenInventoryServiceImpl
[ERROR] /D:/ky7/SWP/BE/src/main/java/com/swp/ckms/service/impl/KitchenInventoryServiceImpl.java:[28,1] cannot find symbol
[ERROR]   symbol:   class ProductionPlanRepository
[ERROR]   location: class com.swp.ckms.service.impl.KitchenInventoryServiceImpl
[ERROR] -> [Help 1]
[ERROR] 
[ERROR] To see the full stack trace of the errors, re-run Maven with the -e switch.
[ERROR] Re-run Maven using the -X switch to enable full debug logging.
[ERROR] 
[ERROR] For more information about the errors and possible solutions, please read the following articles:
[ERROR] [Help 1] http://cwiki.apache.org/confluence/display/MAVEN/MojoFailureException
