WARNING: A terminally deprecated method in sun.misc.Unsafe has been called
WARNING: sun.misc.Unsafe::staticFieldBase has been called by com.google.inject.internal.aop.HiddenClassDefiner (file:/C:/Program%20Files/apache-maven-3.9.11/lib/guice-5.1.0-classes.jar)
WARNING: Please consider reporting this to the maintainers of class com.google.inject.internal.aop.HiddenClassDefiner
WARNING: sun.misc.Unsafe::staticFieldBase will be removed in a future release
[INFO] Scanning for projects...
[INFO] 
[INFO] -----------------< com.swp:central-kitchen-management >-----------------
[INFO] Building Central Kitchen Management System 0.0.1-SNAPSHOT
[INFO]   from pom.xml
[INFO] --------------------------------[ jar ]---------------------------------
[INFO] 
[INFO] --- resources:3.3.1:resources (default-resources) @ central-kitchen-management ---
[INFO] Copying 1 resource from src\main\resources to target\classes
[INFO] Copying 8 resources from src\main\resources to target\classes
[INFO] 
[INFO] --- compiler:3.14.0:compile (default-compile) @ central-kitchen-management ---
[INFO] Recompiling the module because of changed source code.
[INFO] Compiling 272 source files with javac [debug parameters release 25] to target\classes
[WARNING] /D:/ky7/SWP/BE/src/main/java/com/swp/ckms/service/impl/ProductionPlanServiceImpl.java:[800,30] <T>where(org.springframework.data.jpa.domain.Specification<T>) in org.springframework.data.jpa.domain.Specification has been deprecated and marked for removal
[WARNING] /D:/ky7/SWP/BE/src/main/java/com/swp/ckms/service/impl/StoreInventoryServiceImpl.java:[39,59] <T>where(org.springframework.data.jpa.domain.Specification<T>) in org.springframework.data.jpa.domain.Specification has been deprecated and marked for removal
[WARNING] /D:/ky7/SWP/BE/src/main/java/com/swp/ckms/service/impl/StoreOrderServiceImpl.java:[171,55] <T>where(org.springframework.data.jpa.domain.Specification<T>) in org.springframework.data.jpa.domain.Specification has been deprecated and marked for removal
[INFO] /D:/ky7/SWP/BE/src/main/java/com/swp/ckms/config/ApplicationConfig.java: D:\ky7\SWP\BE\src\main\java\com\swp\ckms\config\ApplicationConfig.java uses or overrides a deprecated API.
[INFO] /D:/ky7/SWP/BE/src/main/java/com/swp/ckms/config/ApplicationConfig.java: Recompile with -Xlint:deprecation for details.
[INFO] 
[INFO] --- resources:3.3.1:testResources (default-testResources) @ central-kitchen-management ---
[INFO] skip non existing resourceDirectory D:\ky7\SWP\BE\src\test\resources
[INFO] 
[INFO] --- compiler:3.14.0:testCompile (default-testCompile) @ central-kitchen-management ---
[INFO] Recompiling the module because of changed dependency.
[INFO] Compiling 6 source files with javac [debug parameters release 25] to target\test-classes
[INFO] 
[INFO] --- surefire:3.5.3:test (default-test) @ central-kitchen-management ---
[INFO] Using auto detected provider org.apache.maven.surefire.junitplatform.JUnitPlatformProvider
[INFO] 
[INFO] -------------------------------------------------------
[INFO]  T E S T S
[INFO] -------------------------------------------------------
[INFO] Running com.swp.ckms.integration.ShipmentWebhookFlowTest
Mockito is currently self-attaching to enable the inline-mock-maker. This will no longer work in future releases of the JDK. Please add Mockito as an agent to your build as described in Mockito's documentation: https://javadoc.io/doc/org.mockito/mockito-core/latest/org.mockito/org/mockito/Mockito.html#0.3
WARNING: A Java agent has been loaded dynamically (C:\Users\ASUS\.m2\repository\net\bytebuddy\byte-buddy-agent\1.17.7\byte-buddy-agent-1.17.7.jar)
WARNING: If a serviceability tool is in use, please run with -XX:+EnableDynamicAgentLoading to hide this warning
WARNING: If a serviceability tool is not in use, please run with -Djdk.instrument.traceUsage for more information
WARNING: Dynamic loading of agents will be disallowed by default in a future release
Java HotSpot(TM) 64-Bit Server VM warning: Sharing is only supported for boot loader classes because bootstrap classpath has been appended
22:15:23.535 [main] INFO com.swp.ckms.integration.ahamove.shipment.impl.AhamoveShipmentServiceImpl -- Nh?n Webhook t? Ahamove: orderId=AHA-001 | status=CANCELLED | subStatus=null | mappedStatus=CANCELLED
22:15:23.565 [main] INFO com.swp.ckms.integration.ahamove.shipment.impl.AhamoveShipmentServiceImpl -- Nh?n Webhook t? Ahamove: orderId=AHA-001 | status=COMPLETED | subStatus=RETURNED | mappedStatus=RETURNED
22:15:23.605 [main] INFO com.swp.ckms.integration.ahamove.shipment.impl.AhamoveShipmentServiceImpl -- Nh?n Webhook t? Ahamove: orderId=AHA-001 | status=IN PROCESS | subStatus=null | mappedStatus=IN_TRANSIT
22:15:23.606 [main] INFO com.swp.ckms.integration.ahamove.shipment.impl.AhamoveShipmentServiceImpl -- Ti?n hαnh g?i th⌠ng bßo l? tr∞nh cho Shipment #1 (Status: IN PROCESS)
22:15:23.607 [main] WARN com.swp.ckms.integration.ahamove.shipment.impl.AhamoveShipmentServiceImpl -- Kh⌠ng t∞m th?y email ng??i nh?n cho Store #1 c?a Shipment #1
22:15:23.607 [main] WARN com.swp.ckms.integration.ahamove.shipment.impl.AhamoveShipmentServiceImpl -- Kh⌠ng t∞m th?y email ng??i nh?n cho Store #2 c?a Shipment #1
22:15:23.608 [main] INFO com.swp.ckms.integration.ahamove.shipment.impl.AhamoveShipmentServiceImpl -- B? qua c?p nh?t cho Stop #10 v∞ ?π lα ARRIVED
[ERROR] Tests run: 7, Failures: 1, Errors: 0, Skipped: 0, Time elapsed: 1.426 s <<< FAILURE! -- in com.swp.ckms.integration.ShipmentWebhookFlowTest
[ERROR] com.swp.ckms.integration.ShipmentWebhookFlowTest.fullCancel_ShouldRestoreAllStock -- Time elapsed: 0.046 s <<< FAILURE!
org.opentest4j.AssertionFailedError: expected: <READY> but was: <IN_TRANSIT>
	at org.junit.jupiter.api.AssertionFailureBuilder.build(AssertionFailureBuilder.java:151)
	at org.junit.jupiter.api.AssertionFailureBuilder.buildAndThrow(AssertionFailureBuilder.java:132)
	at org.junit.jupiter.api.AssertEquals.failNotEqual(AssertEquals.java:197)
	at org.junit.jupiter.api.AssertEquals.assertEquals(AssertEquals.java:182)
	at org.junit.jupiter.api.AssertEquals.assertEquals(AssertEquals.java:177)
	at org.junit.jupiter.api.Assertions.assertEquals(Assertions.java:1145)
	at com.swp.ckms.integration.ShipmentWebhookFlowTest.fullCancel_ShouldRestoreAllStock(ShipmentWebhookFlowTest.java:210)
	at java.base/java.lang.reflect.Method.invoke(Method.java:565)
	at java.base/java.util.ArrayList.forEach(ArrayList.java:1604)
	at java.base/java.util.ArrayList.forEach(ArrayList.java:1604)

[INFO] 
[INFO] Results:
[INFO] 
[ERROR] Failures: 
[ERROR]   ShipmentWebhookFlowTest.fullCancel_ShouldRestoreAllStock:210 expected: <READY> but was: <IN_TRANSIT>
[INFO] 
[ERROR] Tests run: 7, Failures: 1, Errors: 0, Skipped: 0
[INFO] 
[INFO] ------------------------------------------------------------------------
[INFO] BUILD FAILURE
[INFO] ------------------------------------------------------------------------
[INFO] Total time:  11.207 s
[INFO] Finished at: 2026-03-31T22:15:23+07:00
[INFO] ------------------------------------------------------------------------
[ERROR] Failed to execute goal org.apache.maven.plugins:maven-surefire-plugin:3.5.3:test (default-test) on project central-kitchen-management: There are test failures.
[ERROR] 
[ERROR] See D:\ky7\SWP\BE\target\surefire-reports for the individual test results.
[ERROR] See dump files (if any exist) [date].dump, [date]-jvmRun[N].dump and [date].dumpstream.
[ERROR] -> [Help 1]
[ERROR] 
[ERROR] To see the full stack trace of the errors, re-run Maven with the -e switch.
[ERROR] Re-run Maven using the -X switch to enable full debug logging.
[ERROR] 
[ERROR] For more information about the errors and possible solutions, please read the following articles:
[ERROR] [Help 1] http://cwiki.apache.org/confluence/display/MAVEN/MojoFailureException
